<Map srs="epsg:3857">
  <Parameters></Parameters>
</Map>