<Map srs="epsg:3857">
  <Parameters></Parameters>
  <Style name="class1" filter-mode="first">
    <Rule>
      <Filter>([foo] = 12)</Filter>
      <LineSymbolizer stroke-width="99"></LineSymbolizer>
    </Rule>
  </Style>
  <Style name="class2" filter-mode="first">
    <Rule>
      <Filter>([bar] = 11)</Filter>
      <LineSymbolizer stroke-width="99"></LineSymbolizer>
    </Rule>
  </Style>
  <Layer name="class1" srs="" status="off">
    <StyleName>class1</StyleName>
  </Layer>
  <Layer name="class2" srs="" status="off">
    <StyleName>class2</StyleName>
  </Layer>
</Map>