<Map srs="epsg:3857">
  <Parameters></Parameters>
  <FontSet name="fontset-1">
    <Font face-name="unifont"></Font>
  </FontSet>
  <Style name="country-label" filter-mode="first">
    <Rule>
      <!--Zoom{=5}-->
      <MaxScaleDenominator>25000000</MaxScaleDenominator>
      <MinScaleDenominator>12500000</MinScaleDenominator>
      <Filter>([type] = &#39;foo&#39;)</Filter>
      <TextSymbolizer fontset-name="fontset-1" size="12">[ABBREV]</TextSymbolizer>
    </Rule>
    <Rule>
      <!--Zoom{>=4}-->
      <MaxScaleDenominator>50000000</MaxScaleDenominator>
      <Filter>([type] = &#39;foo&#39;)</Filter>
      <TextSymbolizer fontset-name="fontset-1" size="10">[ABBREV]</TextSymbolizer>
    </Rule>
    <Rule>
      <!--Zoom{=5}-->
      <MaxScaleDenominator>25000000</MaxScaleDenominator>
      <MinScaleDenominator>12500000</MinScaleDenominator>
      <TextSymbolizer fontset-name="fontset-1" size="12">&#39;&#39;</TextSymbolizer>
    </Rule>
    <Rule>
      <TextSymbolizer fontset-name="fontset-1" size="10">&#39;&#39;</TextSymbolizer>
    </Rule>
  </Style>
  <Layer name="country-label" srs="" status="off">
    <StyleName>country-label</StyleName>
  </Layer>
</Map>